// Jest Snapshot v1, https://goo.gl/fbAQLP

exports[`DungeonBeforeBattle renders correctly: DungeonBeforeBattle 1`] = `
<body>
  <div>
    <div>
      Encounter
    </div>
    <button
      class="rpgui-button btn"
    >
      Start Battle
    </button>
  </div>
</body>
`;
