// Jest Snapshot v1, https://goo.gl/fbAQLP

exports[`RpgButton renders correctly: RpgButton 1`] = `
<body>
  <div>
    <button
      class="rpgui-button btn"
    />
  </div>
</body>
`;
