// Jest Snapshot v1, https://goo.gl/fbAQLP

exports[`DungeonInBattle renders correctly: DungeonInBattle 1`] = `
<body>
  <div>
    <div>
      Encounter
    </div>
    <div
      class="progress-container"
    >
      <p
        class="hint-text"
      >
        Your 
         HP 
        100
        /
        100
      </p>
      <div
        class="rpgui-progress"
        data-rpguitype="progress"
      >
        <div
          class=" rpgui-progress-track"
        >
          <div
            class="rpgui-progress-fill red progress-animation"
            style="left: 0px; width: 100%;"
          />
        </div>
        <div
          class=" rpgui-progress-left-edge"
        />
        <div
          class=" rpgui-progress-right-edge"
        />
      </div>
    </div>
    <div
      class="combat-control-container"
    >
      <button
        class="attack-button"
      >
        <div
          class="cooldown-container"
          style="width: 61px; visibility: hidden;"
        />
        <div
          class="rpgui-container container framed framed-golden-2 attack-container"
        >
          <img
            alt="Attack 1"
            class="attack-icon"
            src="test-file-stub"
          />
        </div>
      </button>
    </div>
  </div>
</body>
`;
