// Jest Snapshot v1, https://goo.gl/fbAQLP

exports[`XpProgressBar renders correctly: XpProgressBar 1`] = `
<body>
  <div>
    <div
      class="progress-container"
    >
      <p
        class="hint-text"
      >
        XP 
        50
        /
        100
      </p>
      <div
        class="rpgui-progress"
        data-rpguitype="progress"
      >
        <div
          class=" rpgui-progress-track"
        >
          <div
            class="rpgui-progress-fill purple progress-animation"
            style="left: 0px; width: 50%;"
          />
        </div>
        <div
          class=" rpgui-progress-left-edge"
        />
        <div
          class=" rpgui-progress-right-edge"
        />
      </div>
    </div>
  </div>
</body>
`;
