// Jest Snapshot v1, https://goo.gl/fbAQLP

exports[`RpgSeparator renders correctly 1`] = `
<hr
  className="separator golden"
/>
`;
