// Jest Snapshot v1, https://goo.gl/fbAQLP

exports[`PlusIcon renders correctly 1`] = `
<svg
  fill="currentColor"
  id="Plus"
  viewBox="0 0 24 24"
  xmlns="http://www.w3.org/2000/svg"
>
  <polygon
    points="23 11 23 13 13 13 13 23 11 23 11 13 1 13 1 11 11 11 11 1 13 1 13 11 23 11"
  />
</svg>
`;
