// Jest Snapshot v1, https://goo.gl/fbAQLP

exports[`AttackReplaceModal renders correctly: AttackReplaceModal 1`] = `
<body>
  <div>
    <div
      class="modal-container"
    >
      <div
        class="rpgui-container container framed framed-golden modal"
      >
        <div
          class="modal-header"
        >
          <button
            class="icon-button large dismiss-button"
          >
            <svg
              fill="none"
              viewBox="0 0 24 24"
              xmlns="http://www.w3.org/2000/svg"
            >
              <path
                d="M5 5h2v2H5V5zm4 4H7V7h2v2zm2 2H9V9h2v2zm2 0h-2v2H9v2H7v2H5v2h2v-2h2v-2h2v-2h2v2h2v2h2v2h2v-2h-2v-2h-2v-2h-2v-2zm2-2v2h-2V9h2zm2-2v2h-2V7h2zm0 0V5h2v2h-2z"
                fill="currentColor"
              />
            </svg>
          </button>
          <h2>
            Replace Attack
          </h2>
          <hr
            class="separator"
          />
        </div>
        <div
          class="modal-body"
        >
          <div
            class="attack-replace-modal"
          >
            <p>
              Select an attack to replace:
            </p>
            <form
              class="attack-list"
            >
              <input
                checked=""
                class="rpgui-radio golden"
                id="2"
                name="radio-golden"
                type="radio"
                value="2"
              />
              <label
                class="item-radio-label"
                for="2"
              >
                <div
                  class="item-container"
                >
                  <div
                    class="item-content"
                  >
                    <p
                      class="item-title"
                    >
                      Test Attack 2
                    </p>
                    <p
                      class="item-subtitle"
                    >
                      <i>
                        Cooldown: 1
                      </i>
                    </p>
                    <p
                      class="item-description"
                    >
                      Test Description 2
                    </p>
                  </div>
                </div>
              </label>
              <input
                class="rpgui-radio golden"
                id="3"
                name="radio-golden"
                type="radio"
                value="3"
              />
              <label
                class="item-radio-label"
                for="3"
              >
                <div
                  class="item-container"
                >
                  <div
                    class="item-content"
                  >
                    <p
                      class="item-title"
                    >
                      Test Attack 3
                    </p>
                    <p
                      class="item-subtitle"
                    >
                      <i>
                        Cooldown: 1
                      </i>
                    </p>
                    <p
                      class="item-description"
                    >
                      Test Description 3
                    </p>
                  </div>
                </div>
              </label>
            </form>
          </div>
        </div>
        <div
          class="modal-footer"
        >
          <hr
            class="separator"
          />
          <button
            class="rpgui-button btn"
          >
            Replace
          </button>
        </div>
      </div>
      <div
        class="modal-background"
      />
    </div>
  </div>
</body>
`;
