// Jest Snapshot v1, https://goo.gl/fbAQLP

exports[`CharacterHeader renders correctly 1`] = `
<body>
  <div>
    <div
      class="character-information"
    >
      <div>
        CharacterAvatar, look: 
        test-look
      </div>
      <div
        class="character-stats"
      >
        <div
          class="light-progress-container"
        >
          <p
            class="light-hint-text"
          >
            HP (
            50
            /
            100
            )
          </p>
          <div
            class="light-progress-bar"
          >
            <div
              class="rpgui-progress-track light-progress-track"
            >
              <div
                class="rpgui-progress-fill red progress-animation"
                style="left: 0px; width: 50%;"
              />
            </div>
          </div>
        </div>
        <div
          class="light-progress-container"
        >
          <p
            class="light-hint-text"
          >
            Level 
            1
             (
            10
            /
            20
            )
          </p>
          <div
            class="light-progress-bar"
          >
            <div
              class="rpgui-progress-track light-progress-track"
            >
              <div
                class="rpgui-progress-fill blue progress-animation"
                style="left: 0px; width: 50%;"
              />
            </div>
          </div>
        </div>
      </div>
    </div>
  </div>
</body>
`;
